// Jest Snapshot v1, https://goo.gl/fbAQLP

exports[`assignmentReminderMessage.class.ts should match Markdown 1`] = `
"**TEST_COURSE - Reminder**:
⚠️ Assignment \\"Title\\" is **due today**!"
`;
