// Jest Snapshot v1, https://goo.gl/fbAQLP

exports[`assignmentMessage.class.ts should match Markdown 1`] = `
"**TEST_COURSE - New submission added!**
    :information_source: \\"Title\\" is to be submitted
    :alarm_clock: until \`Mon Dec 27 2021\`"
`;
