// Jest Snapshot v1, https://goo.gl/fbAQLP

exports[`resourceMessage.class.ts should match Markdown 1`] = `
"**TEST_COURSE - New File**:
📁 Title
🔗 https://test.link"
`;
